
> sps-app@0.1.0 build
> next build

Ôû▓ Next.js 16.2.1 (Turbopack)
- Environments: .env.local

  Creating an optimized production build ...
node.exe : 
En línea: 1 Carácter: 1
+ & "C:\Program Files\nodejs/node.exe" "C:\Program Files\nodejs/node_mo ...
+ ~~~~~~~~~~~~~~~~~~~~~~~~~~~~~~~~~~~~~~~~~~~~~~~~~~~~~~~~~~~~~~~~~~~~~
    + CategoryInfo          : NotSpecified: (:String) [], RemoteException
    + FullyQualifiedErrorId : NativeCommandError
 
> Build error occurred
Error: Turbopack build failed with 4 errors:
./src/app/api/auth/callback/route.ts:1:1
Module not found: Can't resolve '@supabase/ssr'
[31m[1m>[0m [90m1 |[0m [36mimport[0m { createServerClient, [36mtype[0m [33mCookieOptions[0m } [36mfrom[0m 
[32m'@supabase/ssr'[0m;
  [90m  |[0m [31m[1m^^^^^^^^^^^^^^^^^^^^^^^^^^^^^^^^^^^^^^^^^^^^^^^^^^^^^^^^^^^^^^^^^^^^^^^[0m
  [90m2 |[0m [36mimport[0m { cookies } [36mfrom[0m [32m'next/headers'[0m;
  [90m3 |[0m [36mimport[0m { [33mNextResponse[0m } [36mfrom[0m [32m'next/server'[0m;
  [90m4 |[0m



https://nextjs.org/docs/messages/module-not-found


./src/components/MapView.tsx:4:1
Module not found: Can't resolve 'react-map-gl/mapbox'
  [90m2 |[0m ...
  [90m3 |[0m ...t, useState, useRef, useCallback, useMemo } [36mfrom[0m [32m'react'[0m;
[31m[1m>[0m [90m4 |[0m ...[33mpup[0m, [33mSource[0m, [33mLayer[0m, [33mNavigationControl[0m, 
[33mFullscreenControl[0m, [33mGeolocateControl[0m, [33mMapRef[0m } [36mfro.[0m.[32m.[0m
  [90m  |[0m    
[31m[1m^^^^^^^^^^^^^^^^^^^^^^^^^^^^^^^^^^^^^^^^^^^^^^^^^^^^^^^^^^^^^^^^^^^^^^^^^^^^^^^^^^^^^^^^^^^[0m
  [90m5 |[0m ...[32mapbox-gl.css'[0m;
  [90m6 |[0m ...[32mb/utils'[0m;
  [90m7 |[0m ... [32m'@/lib/supabase'[0m;



Import trace:
  Client Component Browser:
    ./src/components/MapView.tsx [Client Component Browser]
    ./src/app/gerente/objetivos/nuevo/page.tsx [Client Component Browser]
    ./src/app/gerente/objetivos/nuevo/page.tsx [Server Component]

https://nextjs.org/docs/messages/module-not-found


./src/components/gerente/TacticalLeaflet.tsx:4:1
Module not found: Can't resolve 'react-map-gl/mapbox'
  [90m2 |[0m ...
  [90m3 |[0m ...[33mct[0m, { useEffect, useState, useMemo } [36mfrom[0m [32m'react'[0m;
[31m[1m>[0m [90m4 |[0m ..., { [33mMarker[0m, [33mPopup[0m, [33mSource[0m, [33mLayer[0m, 
[33mNavigationControl[0m, [33mGeolocateControl[0m } [36mfrom[0m [32m'react-map-...[0m
  [90m  |[0m    
[31m[1m^^^^^^^^^^^^^^^^^^^^^^^^^^^^^^^^^^^^^^^^^^^^^^^^^^^^^^^^^^^^^^^^^^^^^^^^^^^^^^^^^^^^^^^^^^^[0m
  [90m5 |[0m ...[32mpbox-gl/dist/mapbox-gl.css'[0m;
  [90m6 |[0m ...n } [36mfrom[0m [32m'@/lib/utils'[0m;
  [90m7 |[0m ...[33mhield[0m, [33mUser[0m, [33mTarget[0m, [33mSearch[0m, [33mX[0m, [33mMapPin[0m, 
[33mLoader2[0m } [36mfrom[0m [32m'lucide-react'[0m;



Import trace:
  Client Component Browser:
    ./src/components/gerente/TacticalLeaflet.tsx [Client Component Browser]
    ./src/app/gerente/mapa-riesgo/page.tsx [Client Component Browser]
    ./src/app/gerente/mapa-riesgo/page.tsx [Server Component]

https://nextjs.org/docs/messages/module-not-found


./src/components/operador/MobileLeaflet.tsx:4:1
Module not found: Can't resolve 'react-map-gl/mapbox'
  [90m2 |[0m ...
  [90m3 |[0m ...[33mReact[0m, { useEffect, useState, useMemo } [36mfrom[0m [32m'react'[0m;
[31m[1m>[0m [90m4 |[0m ...[33mMap[0m, { [33mMarker[0m, [33mSource[0m, [33mLayer[0m, 
[33mNavigationControl[0m, [33mGeolocateControl[0m } [36mfrom[0m [32m'react-map-gl/m...[0m
  [90m  |[0m    
[31m[1m^^^^^^^^^^^^^^^^^^^^^^^^^^^^^^^^^^^^^^^^^^^^^^^^^^^^^^^^^^^^^^^^^^^^^^^^^^^^^^^^^^^^^^^^^^^[0m
  [90m5 |[0m ...[32m'mapbox-gl/dist/mapbox-gl.css'[0m;
  [90m6 |[0m ...{ [33mUser[0m, [33mMapPin[0m, [33mLayers[0m } [36mfrom[0m [32m'lucide-react'[0m;
  [90m7 |[0m ...{ cn } [36mfrom[0m [32m'@/lib/utils'[0m;



Import trace:
  Client Component Browser:
    ./src/components/operador/MobileLeaflet.tsx [Client Component Browser]
    ./src/app/operador/rondines/page.tsx [Client Component Browser]
    ./src/app/operador/rondines/page.tsx [Server Component]

https://nextjs.org/docs/messages/module-not-found


    at <unknown> (./src/app/api/auth/callback/route.ts:1:1)
    at <unknown> (https://nextjs.org/docs/messages/module-not-found)
    at <unknown> (./src/components/MapView.tsx:4:1)
    at <unknown> (https://nextjs.org/docs/messages/module-not-found)
    at <unknown> (./src/components/gerente/TacticalLeaflet.tsx:4:1)
    at <unknown> (https://nextjs.org/docs/messages/module-not-found)
    at <unknown> (./src/components/operador/MobileLeaflet.tsx:4:1)
    at <unknown> (https://nextjs.org/docs/messages/module-not-found)
